******************************************************************************
                  TMS470 Linker PC v4.9.5                      
******************************************************************************
>> Linked Thu Dec 13 18:31:10 2012

OUTPUT FILE NAME:   <i2cPlease.out>
ENTRY POINT SYMBOL: "_c_int00"  address: 00001395


MEMORY CONFIGURATION

         name            origin    length      used     unused   attr    fill
----------------------  --------  ---------  --------  --------  ----  --------
  FLASH                 00000000   00040000  00001786  0003e87a  R  X
  SRAM                  20000000   00008000  00000388  00007c78  RW X


SEGMENT ALLOCATION MAP

run origin  load origin   length   init length attrs members
----------  ----------- ---------- ----------- ----- -------
00000000    00000000    00001788   00001788    r-x
  00000000    00000000    0000155c   0000155c    r-x .text
  0000155c    0000155c    000001f2   000001f2    r-- .const
  00001750    00001750    00000038   00000038    r-- .cinit
20000000    20000000    0000036c   00000000    rw-
  20000000    20000000    0000026c   00000000    rw- .vtable
  2000026c    2000026c    00000100   00000000    rw- .stack
2000036c    2000036c    0000001c   0000001c    rw-
  2000036c    2000036c    0000001c   0000001c    rw- .data


SECTION ALLOCATION MAP

 output                                  attributes/
section   page    origin      length       input sections
--------  ----  ----------  ----------   ----------------
.text      0    00000000    0000155c     
                  00000000    000004e8     i2c.obj (.text)
                  000004e8    000004b0     uartstdio.obj (.text)
                  00000998    000002dc     main.obj (.text)
                  00000c74    000001d8     driverlib-cm4f.lib : sysctl.obj (.text:SysCtlClockGet)
                  00000e4c    0000013c                        : sysctl.obj (.text:SysCtlClockSet)
                  00000f88    000000c8                        : gpio.obj (.text:GPIOPadConfigSet)
                  00001050    0000009c     rtsv7M4_T_le_v4SPD16_eabi.lib : memcpy_t2.obj (.text)
                  000010ec    00000094                                   : auto_init.obj (.text)
                  00001180    00000064     driverlib-cm4f.lib : interrupt.obj (.text:IntDisable)
                  000011e4    00000064                        : interrupt.obj (.text:IntEnable)
                  00001248    0000005e     rtsv7M4_T_le_v4SPD16_eabi.lib : copy_decompress_rle.obj (.text)
                  000012a6    00000002     driverlib-cm4f.lib : interrupt.obj (.text:IntDefaultHandler)
                  000012a8    00000058                        : sysctl.obj (.text:SysCtlPeripheralEnable)
                  00001300    0000004c     rtsv7M4_T_le_v4SPD16_eabi.lib : cpy_tbl.obj (.text)
                  0000134c    00000048     driverlib-cm4f.lib : gpio.obj (.text:GPIOPinConfigure)
                  00001394    00000048     rtsv7M4_T_le_v4SPD16_eabi.lib : boot.obj (.text)
                  000013dc    00000044                                   : exit.obj (.text)
                  00001420    00000042                                   : u_divt2.obj (.text)
                  00001462    00000002     --HOLE-- [fill = 0]
                  00001464    00000034     driverlib-cm4f.lib : interrupt.obj (.text:IntRegister)
                  00001498    0000002e                        : gpio.obj (.text:GPIODirModeSet)
                  000014c6    00000002     --HOLE-- [fill = 0]
                  000014c8    00000018     rtsv7M4_T_le_v4SPD16_eabi.lib : _lock.obj (.text)
                  000014e0    00000018                                   : args_main.obj (.text)
                  000014f8    00000014     driverlib-cm4f.lib : interrupt.obj (.text:IntUnregister)
                  0000150c    00000012                        : gpio.obj (.text:GPIOPinTypeI2C)
                  0000151e    00000012                        : gpio.obj (.text:GPIOPinTypeUART)
                  00001530    00000012     rtsv7M4_T_le_v4SPD16_eabi.lib : copy_zero_init.obj (.text:decompress:ZI)
                  00001542    0000000e                                   : copy_decompress_none.obj (.text:decompress:none)
                  00001550    00000006     driverlib-cm4f.lib : sysctl.obj (.text:SysCtlDelay)
                  00001556    00000006     rtsv7M4_T_le_v4SPD16_eabi.lib : copy_decompress_rle.obj (.text:decompress:rle24)

.const     0    0000155c    000001f2     
                  0000155c    00000078     driverlib-cm4f.lib : gpio.obj (.const:g_pulGPIOBaseAddrs)
                  000015d4    00000070                        : interrupt.obj (.const)
                  00001644    0000006c                        : sysctl.obj (.const:g_pulXtals)
                  000016b0    00000040                        : sysctl.obj (.const)
                  000016f0    00000030     i2c.obj (.const:g_ppulI2CIntMap)
                  00001720    0000001c     uartstdio.obj (.const)
                  0000173c    00000012     uartstdio.obj (.const:.string)

.cinit     0    00001750    00000038     
                  00001750    0000000f     (.cinit..data.load) [load image, compression = rle]
                  0000175f    00000001     --HOLE-- [fill = 0]
                  00001760    0000000c     (__TI_handler_table)
                  0000176c    00000004     --HOLE-- [fill = 0]
                  00001770    00000008     (.cinit..vtable.load) [load image, compression = zero_init]
                  00001778    00000010     (__TI_cinit_table)

.vtable    0    20000000    0000026c     UNINITIALIZED
                  20000000    0000026c     driverlib-cm4f.lib : interrupt.obj (.vtable)

.stack     0    2000026c    00000100     UNINITIALIZED
                  2000026c    00000100     --HOLE--

.data      0    2000036c    0000001c     
                  2000036c    00000008     rtsv7M4_T_le_v4SPD16_eabi.lib : _lock.obj (.data)
                  20000374    00000008                                   : exit.obj (.data)
                  2000037c    00000005     uartstdio.obj (.data)
                  20000381    00000003     --HOLE--
                  20000384    00000004     rtsv7M4_T_le_v4SPD16_eabi.lib : stkdepth_vars.obj (.data)


LINKER GENERATED COPY TABLES

__TI_cinit_table @ 00001778 records: 2, size/record: 8, table size: 16
	.data: load addr=00001750, load size=0000000f bytes, run addr=2000036c, run size=0000001c bytes, compression=rle
	.vtable: load addr=00001770, load size=00000008 bytes, run addr=20000000, run size=0000026c bytes, compression=zero_init


LINKER GENERATED HANDLER TABLE

__TI_handler_table @ 00001760 records: 3, size/record: 4, table size: 12
	index: 0, handler: __TI_zero_init
	index: 1, handler: __TI_decompress_rle24
	index: 2, handler: __TI_decompress_none


GLOBAL SYMBOLS: SORTED ALPHABETICALLY BY Name 

address    name
--------   ----
000013dd   C$$EXIT
00001499   GPIODirModeSet
00000f89   GPIOPadConfigSet
0000134d   GPIOPinConfigure
0000150d   GPIOPinTypeI2C
0000151f   GPIOPinTypeUART
00000169   I2CIntRegister
00000187   I2CIntUnregister
000003c1   I2CMasterBusBusy
000003a9   I2CMasterBusy
000003d9   I2CMasterControl
0000042d   I2CMasterDataGet
00000417   I2CMasterDataPut
00000135   I2CMasterDisable
00000101   I2CMasterEnable
000003eb   I2CMasterErr
0000003d   I2CMasterInitExpClk
0000032b   I2CMasterIntClear
00000341   I2CMasterIntClearEx
000001f7   I2CMasterIntDisable
00000207   I2CMasterIntDisableEx
000001a1   I2CMasterIntEnable
000001b1   I2CMasterIntEnableEx
0000024d   I2CMasterIntStatus
00000285   I2CMasterIntStatusEx
0000039b   I2CMasterLineStateGet
00000379   I2CMasterSlaveAddrSet
0000043b   I2CMasterTimeoutSet
0000044d   I2CSlaveACKOverride
0000047b   I2CSlaveACKValueSet
000000c7   I2CSlaveAddressSet
000004cd   I2CSlaveDataGet
000004b7   I2CSlaveDataPut
0000014b   I2CSlaveDisable
00000117   I2CSlaveEnable
000000af   I2CSlaveInit
00000353   I2CSlaveIntClear
00000363   I2CSlaveIntClearEx
0000021f   I2CSlaveIntDisable
00000235   I2CSlaveIntDisableEx
000001c9   I2CSlaveIntEnable
000001df   I2CSlaveIntEnableEx
000002ad   I2CSlaveIntStatus
000002e5   I2CSlaveIntStatusEx
000004a9   I2CSlaveStatus
00000999   InitConsole
00001181   IntDisable
000011e5   IntEnable
00001465   IntRegister
000014f9   IntUnregister
UNDEFED    SHT$$INIT_ARRAY$$Base
UNDEFED    SHT$$INIT_ARRAY$$Limit
00000c75   SysCtlClockGet
00000e4d   SysCtlClockSet
00001551   SysCtlDelay
000012a9   SysCtlPeripheralEnable
000004e9   UARTStdioConfig
00000541   UARTStdioInit
0000055b   UARTStdioInitExpClk
00000683   UARTgetc
000005c3   UARTgets
000006b5   UARTprintf
00000575   UARTwrite
2000036c   __STACK_END
00000100   __STACK_SIZE
2000036c   __STACK_TOP
00001778   __TI_CINIT_Base
00001788   __TI_CINIT_Limit
00001760   __TI_Handler_Table_Base
0000176c   __TI_Handler_Table_Limit
00000001   __TI_args_main
000010ed   __TI_auto_init
00001543   __TI_decompress_none
00001557   __TI_decompress_rle24
00000000   __TI_static_base__
00001531   __TI_zero_init
00001051   __aeabi_memcpy
00001051   __aeabi_memcpy4
00001051   __aeabi_memcpy8
00001421   __aeabi_uidivmod
ffffffff   __binit__
ffffffff   __c_args__
2000026c   __stack
000014e1   _args_main
00001395   _c_int00
20000374   _cleanup_ptr
20000378   _dtors_ptr
2000036c   _lock
000014d5   _nop
000014cf   _register_lock
000014c9   _register_unlock
20000370   _unlock
000013e1   abort
ffffffff   binit
00001301   copy_in
000013e9   exit
20000000   g_pfnRAMVectors
000009c1   main
20000384   main_func_sp
00001051   memcpy


GLOBAL SYMBOLS: SORTED BY Symbol Address 

address    name
--------   ----
00000000   __TI_static_base__
00000001   __TI_args_main
0000003d   I2CMasterInitExpClk
000000af   I2CSlaveInit
000000c7   I2CSlaveAddressSet
00000100   __STACK_SIZE
00000101   I2CMasterEnable
00000117   I2CSlaveEnable
00000135   I2CMasterDisable
0000014b   I2CSlaveDisable
00000169   I2CIntRegister
00000187   I2CIntUnregister
000001a1   I2CMasterIntEnable
000001b1   I2CMasterIntEnableEx
000001c9   I2CSlaveIntEnable
000001df   I2CSlaveIntEnableEx
000001f7   I2CMasterIntDisable
00000207   I2CMasterIntDisableEx
0000021f   I2CSlaveIntDisable
00000235   I2CSlaveIntDisableEx
0000024d   I2CMasterIntStatus
00000285   I2CMasterIntStatusEx
000002ad   I2CSlaveIntStatus
000002e5   I2CSlaveIntStatusEx
0000032b   I2CMasterIntClear
00000341   I2CMasterIntClearEx
00000353   I2CSlaveIntClear
00000363   I2CSlaveIntClearEx
00000379   I2CMasterSlaveAddrSet
0000039b   I2CMasterLineStateGet
000003a9   I2CMasterBusy
000003c1   I2CMasterBusBusy
000003d9   I2CMasterControl
000003eb   I2CMasterErr
00000417   I2CMasterDataPut
0000042d   I2CMasterDataGet
0000043b   I2CMasterTimeoutSet
0000044d   I2CSlaveACKOverride
0000047b   I2CSlaveACKValueSet
000004a9   I2CSlaveStatus
000004b7   I2CSlaveDataPut
000004cd   I2CSlaveDataGet
000004e9   UARTStdioConfig
00000541   UARTStdioInit
0000055b   UARTStdioInitExpClk
00000575   UARTwrite
000005c3   UARTgets
00000683   UARTgetc
000006b5   UARTprintf
00000999   InitConsole
000009c1   main
00000c75   SysCtlClockGet
00000e4d   SysCtlClockSet
00000f89   GPIOPadConfigSet
00001051   __aeabi_memcpy
00001051   __aeabi_memcpy4
00001051   __aeabi_memcpy8
00001051   memcpy
000010ed   __TI_auto_init
00001181   IntDisable
000011e5   IntEnable
000012a9   SysCtlPeripheralEnable
00001301   copy_in
0000134d   GPIOPinConfigure
00001395   _c_int00
000013dd   C$$EXIT
000013e1   abort
000013e9   exit
00001421   __aeabi_uidivmod
00001465   IntRegister
00001499   GPIODirModeSet
000014c9   _register_unlock
000014cf   _register_lock
000014d5   _nop
000014e1   _args_main
000014f9   IntUnregister
0000150d   GPIOPinTypeI2C
0000151f   GPIOPinTypeUART
00001531   __TI_zero_init
00001543   __TI_decompress_none
00001551   SysCtlDelay
00001557   __TI_decompress_rle24
00001760   __TI_Handler_Table_Base
0000176c   __TI_Handler_Table_Limit
00001778   __TI_CINIT_Base
00001788   __TI_CINIT_Limit
20000000   g_pfnRAMVectors
2000026c   __stack
2000036c   __STACK_END
2000036c   __STACK_TOP
2000036c   _lock
20000370   _unlock
20000374   _cleanup_ptr
20000378   _dtors_ptr
20000384   main_func_sp
ffffffff   __binit__
ffffffff   __c_args__
ffffffff   binit
UNDEFED    SHT$$INIT_ARRAY$$Base
UNDEFED    SHT$$INIT_ARRAY$$Limit

[100 symbols]
