******************************************************************************
                  TMS470 Linker PC v4.9.5                      
******************************************************************************
>> Linked Fri Dec 28 10:25:28 2012

OUTPUT FILE NAME:   <uart_echo.out>
ENTRY POINT SYMBOL: "_c_int00"  address: 00000795


MEMORY CONFIGURATION

         name            origin    length      used     unused   attr    fill
----------------------  --------  ---------  --------  --------  ----  --------
  FLASH                 00000000   00040000  000009a6  0003f65a  R  X
  SRAM                  20000000   00008000  00000114  00007eec  RW X


SEGMENT ALLOCATION MAP

run origin  load origin   length   init length attrs members
----------  ----------- ---------- ----------- ----- -------
00000000    00000000    000009a8   000009a8    r-x
  00000000    00000000    0000026c   0000026c    r-- .intvecs
  0000026c    0000026c    00000636   00000636    r-x .text
  000008a4    000008a4    000000e4   000000e4    r-- .const
  00000988    00000988    00000020   00000020    r-- .cinit
20000000    20000000    00000100   00000000    rw-
  20000000    20000000    00000100   00000000    rw- .stack
20000100    20000100    00000014   00000014    rw-
  20000100    20000100    00000014   00000014    rw- .data


SECTION ALLOCATION MAP

 output                                  attributes/
section   page    origin      length       input sections
--------  ----  ----------  ----------   ----------------
.intvecs   0    00000000    0000026c     
                  00000000    0000026c     startup_ccs.obj (.intvecs)

.init_array 
*          0    00000000    00000000     UNINITIALIZED

.text      0    0000026c    00000636     
                  0000026c    000001d8     driverlib-cm4f.lib : sysctl.obj (.text:SysCtlClockGet)
                  00000444    000000bc     uart_echo.obj (.text:main)
                  00000500    0000009c     rtsv7M4_T_le_v4SPD16_eabi.lib : memcpy_t2.obj (.text)
                  0000059c    00000094                                   : auto_init.obj (.text)
                  00000630    00000070     uart_echo.obj (.text:UARTIntHandler)
                  000006a0    0000005e     rtsv7M4_T_le_v4SPD16_eabi.lib : copy_decompress_rle.obj (.text)
                  000006fe    00000002     startup_ccs.obj (.text:FaultISR)
                  00000700    0000004c     rtsv7M4_T_le_v4SPD16_eabi.lib : cpy_tbl.obj (.text)
                  0000074c    00000048     driverlib-cm4f.lib : gpio.obj (.text:GPIOPinConfigure)
                  00000794    00000048     rtsv7M4_T_le_v4SPD16_eabi.lib : boot.obj (.text)
                  000007dc    00000044                                   : exit.obj (.text)
                  00000820    00000024     uart_echo.obj (.text:UARTSend)
                  00000844    00000018     rtsv7M4_T_le_v4SPD16_eabi.lib : _lock.obj (.text)
                  0000085c    00000018                                   : args_main.obj (.text)
                  00000874    0000000e                                   : copy_decompress_none.obj (.text:decompress:none)
                  00000882    0000000a     driverlib-cm4f.lib : gpio.obj (.text:GPIOPinWrite)
                  0000088c    00000006     startup_ccs.obj (.text:ResetISR)
                  00000892    00000006     driverlib-cm4f.lib : sysctl.obj (.text:SysCtlDelay)
                  00000898    00000006     rtsv7M4_T_le_v4SPD16_eabi.lib : copy_decompress_rle.obj (.text:decompress:rle24)
                  0000089e    00000002     startup_ccs.obj (.text:IntDefaultHandler)
                  000008a0    00000002     startup_ccs.obj (.text:NmiSR)

.const     0    000008a4    000000e4     
                  000008a4    00000078     driverlib-cm4f.lib : gpio.obj (.const:g_pulGPIOBaseAddrs)
                  0000091c    0000006c                        : sysctl.obj (.const:g_pulXtals)

.cinit     0    00000988    00000020     
                  00000988    0000000f     (.cinit..data.load) [load image, compression = rle]
                  00000997    00000001     --HOLE-- [fill = 0]
                  00000998    00000008     (__TI_handler_table)
                  000009a0    00000008     (__TI_cinit_table)

.stack     0    20000000    00000100     UNINITIALIZED
                  20000000    00000100     --HOLE--

.data      0    20000100    00000014     
                  20000100    00000008     rtsv7M4_T_le_v4SPD16_eabi.lib : _lock.obj (.data)
                  20000108    00000008                                   : exit.obj (.data)
                  20000110    00000004                                   : stkdepth_vars.obj (.data)


LINKER GENERATED COPY TABLES

__TI_cinit_table @ 000009a0 records: 1, size/record: 8, table size: 8
	.data: load addr=00000988, load size=0000000f bytes, run addr=20000100, run size=00000014 bytes, compression=rle


LINKER GENERATED HANDLER TABLE

__TI_handler_table @ 00000998 records: 2, size/record: 4, table size: 8
	index: 0, handler: __TI_decompress_rle24
	index: 1, handler: __TI_decompress_none


GLOBAL SYMBOLS: SORTED ALPHABETICALLY BY Name 

address    name
--------   ----
000007dd   C$$EXIT
0000074d   GPIOPinConfigure
00000883   GPIOPinWrite
0000088d   ResetISR
UNDEFED    SHT$$INIT_ARRAY$$Base
UNDEFED    SHT$$INIT_ARRAY$$Limit
0000026d   SysCtlClockGet
00000893   SysCtlDelay
00000631   UARTIntHandler
00000821   UARTSend
20000100   __STACK_END
00000100   __STACK_SIZE
20000100   __STACK_TOP
000009a0   __TI_CINIT_Base
000009a8   __TI_CINIT_Limit
00000998   __TI_Handler_Table_Base
000009a0   __TI_Handler_Table_Limit
00000001   __TI_args_main
0000059d   __TI_auto_init
00000875   __TI_decompress_none
00000899   __TI_decompress_rle24
00000000   __TI_static_base__
00000501   __aeabi_memcpy
00000501   __aeabi_memcpy4
00000501   __aeabi_memcpy8
ffffffff   __binit__
ffffffff   __c_args__
20000000   __stack
0000085d   _args_main
00000795   _c_int00
20000108   _cleanup_ptr
2000010c   _dtors_ptr
20000100   _lock
00000851   _nop
0000084b   _register_lock
00000845   _register_unlock
20000104   _unlock
000007e1   abort
ffffffff   binit
00000701   copy_in
000007e9   exit
00000000   g_pfnVectors
00000445   main
20000110   main_func_sp
00000501   memcpy


GLOBAL SYMBOLS: SORTED BY Symbol Address 

address    name
--------   ----
00000000   __TI_static_base__
00000000   g_pfnVectors
00000001   __TI_args_main
00000100   __STACK_SIZE
0000026d   SysCtlClockGet
00000445   main
00000501   __aeabi_memcpy
00000501   __aeabi_memcpy4
00000501   __aeabi_memcpy8
00000501   memcpy
0000059d   __TI_auto_init
00000631   UARTIntHandler
00000701   copy_in
0000074d   GPIOPinConfigure
00000795   _c_int00
000007dd   C$$EXIT
000007e1   abort
000007e9   exit
00000821   UARTSend
00000845   _register_unlock
0000084b   _register_lock
00000851   _nop
0000085d   _args_main
00000875   __TI_decompress_none
00000883   GPIOPinWrite
0000088d   ResetISR
00000893   SysCtlDelay
00000899   __TI_decompress_rle24
00000998   __TI_Handler_Table_Base
000009a0   __TI_CINIT_Base
000009a0   __TI_Handler_Table_Limit
000009a8   __TI_CINIT_Limit
20000000   __stack
20000100   __STACK_END
20000100   __STACK_TOP
20000100   _lock
20000104   _unlock
20000108   _cleanup_ptr
2000010c   _dtors_ptr
20000110   main_func_sp
ffffffff   __binit__
ffffffff   __c_args__
ffffffff   binit
UNDEFED    SHT$$INIT_ARRAY$$Base
UNDEFED    SHT$$INIT_ARRAY$$Limit

[45 symbols]
