******************************************************************************
                  TMS470 Linker PC v4.9.5                      
******************************************************************************
>> Linked Fri Apr 04 13:28:18 2014

OUTPUT FILE NAME:   <autoHelmLaunchPad.out>
ENTRY POINT SYMBOL: "_c_int00"  address: 00006875


MEMORY CONFIGURATION

         name            origin    length      used     unused   attr    fill
----------------------  --------  ---------  --------  --------  ----  --------
  FLASH                 00000000   00040000  0000783c  000387c4  R  X
  SRAM                  20000000   00008000  00002943  000056bd  RW X


SEGMENT ALLOCATION MAP

run origin  load origin   length   init length attrs members
----------  ----------- ---------- ----------- ----- -------
00000000    00000000    00007840   00007840    r-x
  00000000    00000000    0000026c   0000026c    r-- .intvecs
  0000026c    0000026c    000069ba   000069ba    r-x .text
  00006c28    00006c28    00000bb6   00000bb6    r-- .const
  000077e0    000077e0    00000060   00000060    r-- .cinit
20000000    20000000    000027ff   00000000    rw-
  20000000    20000000    00001400   00000000    rw- .stack
  20001400    20001400    000013ff   00000000    rw- .bss
20002800    20002800    00000144   00000144    rw-
  20002800    20002800    00000144   00000144    rw- .data


SECTION ALLOCATION MAP

 output                                  attributes/
section   page    origin      length       input sections
--------  ----  ----------  ----------   ----------------
.intvecs   0    00000000    0000026c     
                  00000000    0000026c     startup_ccs.obj (.intvecs)

.text      0    0000026c    000069ba     
                  0000026c    00000b78     Tester.obj (.text)
                  00000de4    000009c4     MagAcc.obj (.text)
                  000017a8    0000081c     BlueUI.obj (.text)
                  00001fc4    00000818     PIDController.obj (.text)
                  000027dc    0000073c     AutoTunePID.obj (.text)
                  00002f18    00000738     Globals.obj (.text)
                  00003650    00000620     Klist.obj (.text)
                  00003c70    00000534     uartstdio.obj (.text)
                  000041a4    00000530     MagAccComms.obj (.text)
                  000046d4    000004f8     UserInterface.obj (.text)
                  00004bcc    000003a4     MotorDrive.obj (.text)
                  00004f70    000002ec     rtsv7M4_T_le_v4SPD16_eabi.lib : trgdrv.obj (.text)
                  0000525c    00000278     HBridgeComms.obj (.text)
                  000054d4    0000023c     VariableMotor.obj (.text)
                  00005710    000001f8     AutoHelm.obj (.text)
                  00005908    000001d8     driverlib-cm4f.lib : sysctl.obj (.text:SysCtlClockGet)
                  00005ae0    000001b6     rtsv7M4_T_le_v4SPD16_eabi.lib : fd_add_t2.obj (.text)
                  00005c96    00000002     --HOLE-- [fill = 0]
                  00005c98    00000188     BlueUART.obj (.text)
                  00005e20    00000136     rtsv7M4_T_le_v4SPD16_eabi.lib : fd_div_t2.obj (.text)
                  00005f56    000000fc                                   : fd_mul_t2.obj (.text)
                  00006052    00000002     --HOLE-- [fill = 0]
                  00006054    000000e4                                   : atan2f.obj (.text)
                  00006138    000000c8     driverlib-cm4f.lib : gpio.obj (.text:GPIOPadConfigSet)
                  00006200    000000c8     main.obj (.text)
                  000062c8    000000b4     rtsv7M4_T_le_v4SPD16_eabi.lib : xfatan.obj (.text)
                  0000637c    0000009c                                   : memcpy_t2.obj (.text)
                  00006418    00000094                                   : auto_init.obj (.text)
                  000064ac    0000007e                                   : fd_cmp_t2.obj (.text)
                  0000652a    0000007c                                   : xfdnorm.obj (.text)
                  000065a6    00000002     --HOLE-- [fill = 0]
                  000065a8    00000078     driverlib-cm4f.lib : gpio.obj (.text:GPIOPinTypeI2CSCL)
                  00006620    00000060     rtsv7M4_T_le_v4SPD16_eabi.lib : trgmsg.obj (.text)
                  00006680    0000005e                                   : copy_decompress_rle.obj (.text)
                  000066de    00000002     --HOLE-- [fill = 0]
                  000066e0    0000005c                                   : sqrtf.obj (.text)
                  0000673c    00000054                                   : xfdunsca.obj (.text)
                  00006790    0000004c                                   : cpy_tbl.obj (.text)
                  000067dc    0000004c                                   : rand.obj (.text)
                  00006828    0000004a                                   : fd_tos_t2.obj (.text)
                  00006872    00000002     --HOLE-- [fill = 0]
                  00006874    00000048                                   : boot.obj (.text)
                  000068bc    00000048                                   : fd_toi_t2.obj (.text)
                  00006904    00000044                                   : exit.obj (.text)
                  00006948    00000042                                   : u_divt2.obj (.text)
                  0000698a    00000002     --HOLE-- [fill = 0]
                  0000698c    00000040                                   : signal.obj (.text)
                  000069cc    00000038                                   : fs_tod_t2.obj (.text)
                  00006a04    00000034                                   : feraiseexcept.obj (.text)
                  00006a38    00000034                                   : xfdtest.obj (.text)
                  00006a6c    00000030                                   : xferaise.obj (.text)
                  00006a9c    0000002e     driverlib-cm4f.lib : gpio.obj (.text:GPIODirModeSet)
                  00006aca    0000002e     rtsv7M4_T_le_v4SPD16_eabi.lib : i_tofd_t2.obj (.text)
                  00006af8    0000002e                                   : raise.obj (.text)
                  00006b26    00000020                                   : u_tofd_t2.obj (.text)
                  00006b46    0000001a                                   : strcat.obj (.text)
                  00006b60    00000018                                   : _lock.obj (.text)
                  00006b78    00000018                                   : args_main.obj (.text)
                  00006b90    00000014                                   : strlen.obj (.text)
                  00006ba4    00000012                                   : copy_zero_init.obj (.text:decompress:ZI)
                  00006bb6    00000010     driverlib-cm4f.lib : uart.obj (.text:UARTCharGetNonBlocking)
                  00006bc6    00000010                        : uart.obj (.text:UARTCharPutNonBlocking)
                  00006bd6    00000010     rtsv7M4_T_le_v4SPD16_eabi.lib : strcpy.obj (.text)
                  00006be6    0000000e                                   : copy_decompress_none.obj (.text:decompress:none)
                  00006bf4    0000000e                                   : time.obj (.text)
                  00006c02    0000000c     startup_ccs.obj (.text)
                  00006c0e    00000008     driverlib-cm4f.lib : i2c.obj (.text:I2CMasterIntEnableEx)
                  00006c16    00000006                        : sysctl.obj (.text:SysCtlDelay)
                  00006c1c    00000006     rtsv7M4_T_le_v4SPD16_eabi.lib : copy_decompress_rle.obj (.text:decompress:rle24)
                  00006c22    00000004     driverlib-cm4f.lib : i2c.obj (.text:I2CMasterTimeoutSet)

.const     0    00006c28    00000bb6     
                  00006c28    00000708     Tester.obj (.const:$P$T0$1)
                  00007330    00000384     Tester.obj (.const:$P$T1$2)
                  000076b4    0000006c     driverlib-cm4f.lib : sysctl.obj (.const:g_pulXtals)
                  00007720    00000043     BlueUI.obj (.const)
                  00007763    00000001     --HOLE-- [fill = 0]
                  00007764    00000034     rtsv7M4_T_le_v4SPD16_eabi.lib : xfatan.obj (.const)
                  00007798    0000001c     uartstdio.obj (.const)
                  000077b4    00000018     MagAcc.obj (.const)
                  000077cc    00000012     uartstdio.obj (.const:.string)

.cinit     0    000077e0    00000060     
                  000077e0    0000003c     (.cinit..data.load) [load image, compression = rle]
                  0000781c    0000000c     (__TI_handler_table)
                  00007828    00000008     (.cinit..bss.load) [load image, compression = zero_init]
                  00007830    00000010     (__TI_cinit_table)

.stack     0    20000000    00001400     UNINITIALIZED
                  20000000    00001400     --HOLE--

.bss       0    20001400    000013ff     UNINITIALIZED
                  20001400    00000e30     AutoTunePID.obj (.bss:pidData)
                  20002230    00000120     rtsv7M4_T_le_v4SPD16_eabi.lib : trgmsg.obj (.bss:__CIOBUF_)
                  20002350    0000011c     Klist.obj (.bss:negList)
                  2000246c    0000011c     Klist.obj (.bss:posList)
                  20002588    000000c8     rtsv7M4_T_le_v4SPD16_eabi.lib : trgdrv.obj (.bss:result$1)
                  20002650    00000050     MagAcc.obj (.bss)
                  200026a0    00000048     Globals.obj (.bss)
                  200026e8    00000034     PIDController.obj (.bss:PID)
                  2000271c    00000034     BlueUI.obj (.bss:blueStr)
                  20002750    00000028     BlueUI.obj (.bss)
                  20002778    00000024     Globals.obj (.bss:medianCompassArr)
                  2000279c    00000017     MagAccComms.obj (.bss)
                  200027b3    00000001     UserInterface.obj (.bss)
                  200027b4    00000012     PIDController.obj (.bss)
                  200027c6    00000002     --HOLE--
                  200027c8    0000000e     HBridgeComms.obj (.bss)
                  200027d6    00000002     --HOLE--
                  200027d8    00000009     AutoTunePID.obj (.bss)
                  200027e1    00000008     rtsv7M4_T_le_v4SPD16_eabi.lib : trgdrv.obj (.bss)
                  200027e9    00000005     AutoHelm.obj (.bss)
                  200027ee    00000002     --HOLE--
                  200027f0    00000005     VariableMotor.obj (.bss)
                  200027f5    00000003     MotorDrive.obj (.bss)
                  200027f8    00000004     Klist.obj (.bss)
                  200027fc    00000003     Tester.obj (.bss)

.data      0    20002800    00000144     
                  20002800    000000b0     rtsv7M4_T_le_v4SPD16_eabi.lib : signal.obj (.data:sigtable)
                  200028b0    00000068                                   : xfvalues.obj (.data)
                  20002918    00000008                                   : _lock.obj (.data)
                  20002920    00000008                                   : exit.obj (.data)
                  20002928    00000008                                   : feraiseexcept.obj (.data)
                  20002930    00000005     uartstdio.obj (.data)
                  20002935    00000003     --HOLE--
                  20002938    00000004     rtsv7M4_T_le_v4SPD16_eabi.lib : errno.obj (.data)
                  2000293c    00000004                                   : rand.obj (.data)
                  20002940    00000004                                   : stkdepth_vars.obj (.data)


LINKER GENERATED COPY TABLES

__TI_cinit_table @ 00007830 records: 2, size/record: 8, table size: 16
	.data: load addr=000077e0, load size=0000003c bytes, run addr=20002800, run size=00000144 bytes, compression=rle
	.bss: load addr=00007828, load size=00000008 bytes, run addr=20001400, run size=000013ff bytes, compression=zero_init


LINKER GENERATED HANDLER TABLE

__TI_handler_table @ 0000781c records: 3, size/record: 4, table size: 12
	index: 0, handler: __TI_decompress_rle24
	index: 1, handler: __TI_decompress_none
	index: 2, handler: __TI_zero_init


GLOBAL SYMBOLS: SORTED ALPHABETICALLY BY Name 

address    name
--------   ----
00006905   C$$EXIT
0000664b   C$$IO$$
00006a9d   GPIODirModeSet
00006139   GPIOPadConfigSet
000065a9   GPIOPinTypeI2CSCL
00005211   HOSTclock
000051cd   HOSTclose
00005171   HOSTlseek
00005121   HOSTopen
000050d3   HOSTread
00005073   HOSTrename
00005037   HOSTtime
00004ffd   HOSTunlink
00004faf   HOSTwrite
000041a5   I2C1MasterIntHandler
00006c0f   I2CMasterIntEnableEx
00006c23   I2CMasterTimeoutSet
200027c1   KdCount
0000462b   MyI2C_available
00004639   MyI2C_receive
000045ad   MyI2C_requestFrom
000043c1   MyI2C_send
200026e8   PID
200027b2   Receive_I2C_error
00006c03   ResetISR
UNDEFED    SHT$$INIT_ARRAY$$Base
UNDEFED    SHT$$INIT_ARRAY$$Limit
200027b1   Send_I2C_error
00005909   SysCtlClockGet
00006c17   SysCtlDelay
00006bb7   UARTCharGetNonBlocking
00006bc7   UARTCharPutNonBlocking
00003c71   UARTStdioConfig
00003ce3   UARTStdioInit
00003cfd   UARTStdioInitExpClk
00003e6f   UARTgetc
00003d83   UARTgets
00003ea1   UARTprintf
00003d17   UARTwrite
20002938   _Errno
000062c9   _FAtan
200028b0   _FDenorm
0000652b   _FDnorm
00006a39   _FDtest
0000673d   _FDunscale
200028c0   _FEps
200028d0   _FInf
200028e0   _FNan
20002900   _FRteps
200028f0   _FSnan
20002910   _FXbig
20002914   _FZero
20002928   _Fenv
00006a6d   _Feraise
2000292c   _Tls_setup__Fenv
20002230   __CIOBUF_
20001400   __STACK_END
00001400   __STACK_SIZE
20001400   __STACK_TOP
00007830   __TI_CINIT_Base
00007840   __TI_CINIT_Limit
0000781c   __TI_Handler_Table_Base
00007828   __TI_Handler_Table_Limit
00000001   __TI_args_main
00006419   __TI_auto_init
00006be7   __TI_decompress_none
00006c1d   __TI_decompress_rle24
00000000   __TI_static_base__
00006ba5   __TI_zero_init
000064ad   __aeabi_cdcmpeq
000064ad   __aeabi_cdcmple
00006829   __aeabi_d2f
000068bd   __aeabi_d2iz
00005aeb   __aeabi_dadd
00005e21   __aeabi_ddiv
00005f57   __aeabi_dmul
00005ae1   __aeabi_dsub
000069cd   __aeabi_f2d
00006acb   __aeabi_i2d
0000637d   __aeabi_memcpy
0000637d   __aeabi_memcpy4
0000637d   __aeabi_memcpy8
00006b27   __aeabi_ui2d
00006949   __aeabi_uidivmod
ffffffff   __binit__
ffffffff   __c_args__
00006201   __error__
20000000   __stack
00006b79   _args_main
00006875   _c_int00
20002920   _cleanup_ptr
20002924   _dtors_ptr
20002918   _lock
00006b6d   _nop
00006b67   _register_lock
00006b61   _register_unlock
2000291c   _unlock
20002650   a
20002668   aPrev
00006909   abort
00003705   addKpid
200026c5   adjustShaft
200027f7   allInOutCount
200026bd   allowedTolerance
00006055   atan2f
200026c7   autoHelmState
00002c95   autotunePID
000048b1   bButtonsPressed
200026c0   bailOutBadCompass
00003579   bigDigits2String
ffffffff   binit
2000271c   blueStr
00005c99   blueUartRecieve
200027b3   buttonCount
0000282d   calcFictiousR
000028bb   calcTspec
00002a6f   calcWOne
00002ae1   calcWTwo
000014c9   calibrateAcc
000015c1   calibrateMag
200027ea   centiTimerCounter
00003265   changeDesired
200027ba   changeTime
00004cef   check4ShaftNOut
200027fe   compassReadTester
200026b8   compassSmooth
200027b0   continueReceive
00006791   copy_in
200026b4   currMedianEntry
200027d5   currentLimitCount
200027d2   currentLimitationReached
00003ae3   currentTestKpidFAILED
2000279c   data
200027ac   dataMax
000033dd   degreeDifferance
00003455   degreeDifferancef
200027b4   derivativeSmooth
200027ec   desiredToggle
00003519   digits2String
00004a81   displayLEDTimer
00004c27   driveMotor
20002772   droidCharCount
00000e51   enableDefault
200027bc   errorAvg
00006911   exit
00006a05   feraiseexcept
00003a9d   findInsert
00000000   g_pfnVectors
00001ea1   getCharLeftCount
0000027f   getCompassForCalibrate
00003307   getCompassReading
00002ff9   getMedian
00001ed5   getPositiveDigitNumber
00001cf9   getSetting
200027c4   getStableReadingCount
00001183   get_digital_heading
000036f5   getcurrListLength
00004f71   getenv
200027c8   hBridgeRxWord
00003285   handle360
000032b5   handle360f
200027eb   handleBlueTooth
00001c01   handleCommsFromDroid
00001f55   handleLoopAt29
00002555   handleNewPIDConstants
00002c4d   handlePIDDataLoop
200026d0   heading
000011c5   heading_from
200027cc   icIdentifier
20002752   inFromDroid
000039b9   inListAlreadyAdd
00005711   initAutoHelm
000027dd   initAutoTune
00005d0f   initBlueUart
00006269   initDebugUart
000017a9   initDroidComms
00002f19   initGlobal
0000525d   initHBridgeComms
000042af   initI2Ccomms
00003651   initKlist
00000de5   initMagAcc
00004bcd   initMotor
00001fc5   initPID
000046d5   initUI
000054d5   initVariableMotor
00001e79   isDigit
00002379   isStable
200027f8   kSetsTryed
200026cc   keelState
20002774   keysTriedCountDown
200026cd   lastKeelState
200026c9   lastautoHelmState
2000265c   m
20002674   mPrev
20002684   m_max
20002690   m_min
200027a8   magAccdataCount
0000620d   main
20002940   main_func_sp
20002778   medianCompassArr
200026a0   medianPositionArr
200026b6   medianValueCount
0000637d   memcpy
00002129   modPID_task
00004d45   motorDrive_WhileForever
0000569b   motorKill
200026c6   motorState
200027fd   motorTester
000055ff   motorToggle
20002350   negList
200027d3   overCurrentShutdown
200027d1   overTemperatureShutdown
200027f0   pid2MotorDivisor
200027c2   pidConstantsStable
20001400   pidData
000020d5   pidTaskTimer
200026be   pidTimer
2000246c   posList
20002680   previosHeading
200027b9   previoslyChanged
00003a1d   print_list
00002b2d   productW1Error
00002be1   prouductW2U
00002439   quiteChatter
00006af9   raise
000067f3   rand
00000f6f   readAcc
00000ec7   readAccReg
200027e9   readCompass
20002773   readDroidPosition
000010bd   readMag
00000f2d   readMagReg
0000664f   readmsg
00004ef9   resetFailedHBridge
000031e1   resetMedianArr
200027f5   reverseMotorCount
200027f6   reverseMotorDir
200027dc   rho
00005855   runAutoHelm
200027c0   runPID
00003b17   selectNextKpid
20002775   sendAutoTuneData
200027ed   sendDesired
00005335   sendHBridge
20002750   sendInitBluart
20002751   sendOnceShaftAtEnd
20002776   sendPopUp
00001af1   sendPopUpMessage
00005d9f   sendToBlueTooth
00003235   setCompass
0000324d   setDesired
00002f97   setKeelTilt
00004c7d   setMotorDirection
200026c4   shaftPosition
000038f5   shiftDownFor
000037bf   shiftUpFor
200027d8   sigma
0000698d   signal
00004b97   signalReceiveDesired
000016c7   smoothVector
000066e1   sqrtf
000067dd   srand
200027b8   stabilized
200027e0   startCalcTspec
000055d3   startMotorToggle
000017e9   statusToBlueTooth_WhileForever
20002777   stopBlueRead
000055e9   stopMotorToggle
000025ed   storeErrorSignChanges
00002711   storePIDConstantStableData
000026b5   storePIDHistory
00006b47   strcat
00006bd7   strcpy
00006b91   strlen
200027d4   sucessfulSPIRead
0000540d   swap_uint16
200026ca   tacking
000057fb   taskTimerCenti
200027d0   temperatureWarning
0000032d   testAddKpid
0000061b   testAddKpid2
00000b21   testAutoTuneClocks
000006b1   testCurrentTestKpidFAILED
000002c5   testEntireKlist
0000026d   testFailed
000008fd   testFindInsert
00000a8b   testInListAlreadyAt
000002cd   testInitKlist
00000c01   testModPID_Task
00000975   testSelectNextKpid
200026bc   testState
00000cc5   testStoreErrorSignChanges
00000cc7   testStorePIDHistory
2000269c   tilt
200026cb   tiltChanged
00006bf5   time
200026c8   toggleLED
200027f4   toggleMotorOn
00004849   turnGreenLEDOff
00004837   turnGreenLEDOn
00004ccf   turnOffMotor
000056b9   turnOffPWM
00004ce1   turnOnMotor
000056cb   turnOnPWM
0000486d   turnYellowLEDOff
0000485b   turnYellowLEDOn
200027fc   variableMotorTester
200027ce   vddOverVoltage
0000138f   vector_cross
00001415   vector_dot
00001461   vector_normalize
200027bb   vehicleStable
200027cf   vsUnderVoltage
00000ea3   writeAccReg
00000f09   writeMagReg
00006621   writemsg


GLOBAL SYMBOLS: SORTED BY Symbol Address 

address    name
--------   ----
00000000   __TI_static_base__
00000000   g_pfnVectors
00000001   __TI_args_main
0000026d   testFailed
0000027f   getCompassForCalibrate
000002c5   testEntireKlist
000002cd   testInitKlist
0000032d   testAddKpid
0000061b   testAddKpid2
000006b1   testCurrentTestKpidFAILED
000008fd   testFindInsert
00000975   testSelectNextKpid
00000a8b   testInListAlreadyAt
00000b21   testAutoTuneClocks
00000c01   testModPID_Task
00000cc5   testStoreErrorSignChanges
00000cc7   testStorePIDHistory
00000de5   initMagAcc
00000e51   enableDefault
00000ea3   writeAccReg
00000ec7   readAccReg
00000f09   writeMagReg
00000f2d   readMagReg
00000f6f   readAcc
000010bd   readMag
00001183   get_digital_heading
000011c5   heading_from
0000138f   vector_cross
00001400   __STACK_SIZE
00001415   vector_dot
00001461   vector_normalize
000014c9   calibrateAcc
000015c1   calibrateMag
000016c7   smoothVector
000017a9   initDroidComms
000017e9   statusToBlueTooth_WhileForever
00001af1   sendPopUpMessage
00001c01   handleCommsFromDroid
00001cf9   getSetting
00001e79   isDigit
00001ea1   getCharLeftCount
00001ed5   getPositiveDigitNumber
00001f55   handleLoopAt29
00001fc5   initPID
000020d5   pidTaskTimer
00002129   modPID_task
00002379   isStable
00002439   quiteChatter
00002555   handleNewPIDConstants
000025ed   storeErrorSignChanges
000026b5   storePIDHistory
00002711   storePIDConstantStableData
000027dd   initAutoTune
0000282d   calcFictiousR
000028bb   calcTspec
00002a6f   calcWOne
00002ae1   calcWTwo
00002b2d   productW1Error
00002be1   prouductW2U
00002c4d   handlePIDDataLoop
00002c95   autotunePID
00002f19   initGlobal
00002f97   setKeelTilt
00002ff9   getMedian
000031e1   resetMedianArr
00003235   setCompass
0000324d   setDesired
00003265   changeDesired
00003285   handle360
000032b5   handle360f
00003307   getCompassReading
000033dd   degreeDifferance
00003455   degreeDifferancef
00003519   digits2String
00003579   bigDigits2String
00003651   initKlist
000036f5   getcurrListLength
00003705   addKpid
000037bf   shiftUpFor
000038f5   shiftDownFor
000039b9   inListAlreadyAdd
00003a1d   print_list
00003a9d   findInsert
00003ae3   currentTestKpidFAILED
00003b17   selectNextKpid
00003c71   UARTStdioConfig
00003ce3   UARTStdioInit
00003cfd   UARTStdioInitExpClk
00003d17   UARTwrite
00003d83   UARTgets
00003e6f   UARTgetc
00003ea1   UARTprintf
000041a5   I2C1MasterIntHandler
000042af   initI2Ccomms
000043c1   MyI2C_send
000045ad   MyI2C_requestFrom
0000462b   MyI2C_available
00004639   MyI2C_receive
000046d5   initUI
00004837   turnGreenLEDOn
00004849   turnGreenLEDOff
0000485b   turnYellowLEDOn
0000486d   turnYellowLEDOff
000048b1   bButtonsPressed
00004a81   displayLEDTimer
00004b97   signalReceiveDesired
00004bcd   initMotor
00004c27   driveMotor
00004c7d   setMotorDirection
00004ccf   turnOffMotor
00004ce1   turnOnMotor
00004cef   check4ShaftNOut
00004d45   motorDrive_WhileForever
00004ef9   resetFailedHBridge
00004f71   getenv
00004faf   HOSTwrite
00004ffd   HOSTunlink
00005037   HOSTtime
00005073   HOSTrename
000050d3   HOSTread
00005121   HOSTopen
00005171   HOSTlseek
000051cd   HOSTclose
00005211   HOSTclock
0000525d   initHBridgeComms
00005335   sendHBridge
0000540d   swap_uint16
000054d5   initVariableMotor
000055d3   startMotorToggle
000055e9   stopMotorToggle
000055ff   motorToggle
0000569b   motorKill
000056b9   turnOffPWM
000056cb   turnOnPWM
00005711   initAutoHelm
000057fb   taskTimerCenti
00005855   runAutoHelm
00005909   SysCtlClockGet
00005ae1   __aeabi_dsub
00005aeb   __aeabi_dadd
00005c99   blueUartRecieve
00005d0f   initBlueUart
00005d9f   sendToBlueTooth
00005e21   __aeabi_ddiv
00005f57   __aeabi_dmul
00006055   atan2f
00006139   GPIOPadConfigSet
00006201   __error__
0000620d   main
00006269   initDebugUart
000062c9   _FAtan
0000637d   __aeabi_memcpy
0000637d   __aeabi_memcpy4
0000637d   __aeabi_memcpy8
0000637d   memcpy
00006419   __TI_auto_init
000064ad   __aeabi_cdcmpeq
000064ad   __aeabi_cdcmple
0000652b   _FDnorm
000065a9   GPIOPinTypeI2CSCL
00006621   writemsg
0000664b   C$$IO$$
0000664f   readmsg
000066e1   sqrtf
0000673d   _FDunscale
00006791   copy_in
000067dd   srand
000067f3   rand
00006829   __aeabi_d2f
00006875   _c_int00
000068bd   __aeabi_d2iz
00006905   C$$EXIT
00006909   abort
00006911   exit
00006949   __aeabi_uidivmod
0000698d   signal
000069cd   __aeabi_f2d
00006a05   feraiseexcept
00006a39   _FDtest
00006a6d   _Feraise
00006a9d   GPIODirModeSet
00006acb   __aeabi_i2d
00006af9   raise
00006b27   __aeabi_ui2d
00006b47   strcat
00006b61   _register_unlock
00006b67   _register_lock
00006b6d   _nop
00006b79   _args_main
00006b91   strlen
00006ba5   __TI_zero_init
00006bb7   UARTCharGetNonBlocking
00006bc7   UARTCharPutNonBlocking
00006bd7   strcpy
00006be7   __TI_decompress_none
00006bf5   time
00006c03   ResetISR
00006c0f   I2CMasterIntEnableEx
00006c17   SysCtlDelay
00006c1d   __TI_decompress_rle24
00006c23   I2CMasterTimeoutSet
0000781c   __TI_Handler_Table_Base
00007828   __TI_Handler_Table_Limit
00007830   __TI_CINIT_Base
00007840   __TI_CINIT_Limit
20000000   __stack
20001400   __STACK_END
20001400   __STACK_TOP
20001400   pidData
20002230   __CIOBUF_
20002350   negList
2000246c   posList
20002650   a
2000265c   m
20002668   aPrev
20002674   mPrev
20002680   previosHeading
20002684   m_max
20002690   m_min
2000269c   tilt
200026a0   medianPositionArr
200026b4   currMedianEntry
200026b6   medianValueCount
200026b8   compassSmooth
200026bc   testState
200026bd   allowedTolerance
200026be   pidTimer
200026c0   bailOutBadCompass
200026c4   shaftPosition
200026c5   adjustShaft
200026c6   motorState
200026c7   autoHelmState
200026c8   toggleLED
200026c9   lastautoHelmState
200026ca   tacking
200026cb   tiltChanged
200026cc   keelState
200026cd   lastKeelState
200026d0   heading
200026e8   PID
2000271c   blueStr
20002750   sendInitBluart
20002751   sendOnceShaftAtEnd
20002752   inFromDroid
20002772   droidCharCount
20002773   readDroidPosition
20002774   keysTriedCountDown
20002775   sendAutoTuneData
20002776   sendPopUp
20002777   stopBlueRead
20002778   medianCompassArr
2000279c   data
200027a8   magAccdataCount
200027ac   dataMax
200027b0   continueReceive
200027b1   Send_I2C_error
200027b2   Receive_I2C_error
200027b3   buttonCount
200027b4   derivativeSmooth
200027b8   stabilized
200027b9   previoslyChanged
200027ba   changeTime
200027bb   vehicleStable
200027bc   errorAvg
200027c0   runPID
200027c1   KdCount
200027c2   pidConstantsStable
200027c4   getStableReadingCount
200027c8   hBridgeRxWord
200027cc   icIdentifier
200027ce   vddOverVoltage
200027cf   vsUnderVoltage
200027d0   temperatureWarning
200027d1   overTemperatureShutdown
200027d2   currentLimitationReached
200027d3   overCurrentShutdown
200027d4   sucessfulSPIRead
200027d5   currentLimitCount
200027d8   sigma
200027dc   rho
200027e0   startCalcTspec
200027e9   readCompass
200027ea   centiTimerCounter
200027eb   handleBlueTooth
200027ec   desiredToggle
200027ed   sendDesired
200027f0   pid2MotorDivisor
200027f4   toggleMotorOn
200027f5   reverseMotorCount
200027f6   reverseMotorDir
200027f7   allInOutCount
200027f8   kSetsTryed
200027fc   variableMotorTester
200027fd   motorTester
200027fe   compassReadTester
200028b0   _FDenorm
200028c0   _FEps
200028d0   _FInf
200028e0   _FNan
200028f0   _FSnan
20002900   _FRteps
20002910   _FXbig
20002914   _FZero
20002918   _lock
2000291c   _unlock
20002920   _cleanup_ptr
20002924   _dtors_ptr
20002928   _Fenv
2000292c   _Tls_setup__Fenv
20002938   _Errno
20002940   main_func_sp
ffffffff   __binit__
ffffffff   __c_args__
ffffffff   binit
UNDEFED    SHT$$INIT_ARRAY$$Base
UNDEFED    SHT$$INIT_ARRAY$$Limit

[316 symbols]
