******************************************************************************
                  TMS470 Linker PC v4.9.5                      
******************************************************************************
>> Linked Sun Dec 09 22:48:53 2012

OUTPUT FILE NAME:   <lab3.out>
ENTRY POINT SYMBOL: "_c_int00"  address: 00001171


MEMORY CONFIGURATION

         name            origin    length      used     unused   attr    fill
----------------------  --------  ---------  --------  --------  ----  --------
  FLASH                 00000000   00040000  0000156e  0003ea92  R  X
  SRAM                  20000000   00008000  00000128  00007ed8  RW X


SEGMENT ALLOCATION MAP

run origin  load origin   length   init length attrs members
----------  ----------- ---------- ----------- ----- -------
00000000    00000000    00001570   00001570    r-x
  00000000    00000000    0000026c   0000026c    r-- .intvecs
  0000026c    0000026c    00001108   00001108    r-x .text
  00001374    00001374    000001c2   000001c2    r-- .const
  00001538    00001538    00000038   00000038    r-- .cinit
20000000    20000000    00000100   00000000    rw-
  20000000    20000000    00000100   00000000    rw- .stack
20000100    20000100    00000028   00000024    rw-
  20000100    20000100    00000024   00000024    rw- .data
  20000124    20000124    00000004   00000000    rw- .bss


SECTION ALLOCATION MAP

 output                                  attributes/
section   page    origin      length       input sections
--------  ----  ----------  ----------   ----------------
.intvecs   0    00000000    0000026c     
                  00000000    0000026c     startup_ccs.obj (.intvecs)

.text      0    0000026c    00001108     
                  0000026c    00000548     uartstdio.obj (.text)
                  000007b4    000001e8     MagAccComms.obj (.text)
                  0000099c    000001d8     driverlib-cm4f.lib : sysctl.obj (.text:SysCtlClockGet)
                  00000b74    0000013c                        : sysctl.obj (.text:SysCtlClockSet)
                  00000cb0    000000cc     main.obj (.text)
                  00000d7c    000000c8     driverlib-cm4f.lib : gpio.obj (.text:GPIOPadConfigSet)
                  00000e44    0000009c     rtsv7M4_T_le_v4SPD16_eabi.lib : memcpy_t2.obj (.text)
                  00000ee0    00000094                                   : auto_init.obj (.text)
                  00000f74    00000064     driverlib-cm4f.lib : interrupt.obj (.text:IntEnable)
                  00000fd8    0000005e     rtsv7M4_T_le_v4SPD16_eabi.lib : copy_decompress_rle.obj (.text)
                  00001036    00000002     --HOLE-- [fill = 0]
                  00001038    00000058     driverlib-cm4f.lib : sysctl.obj (.text:SysCtlPeripheralEnable)
                  00001090    0000004c                        : i2c.obj (.text:I2CMasterInitExpClk)
                  000010dc    0000004c     rtsv7M4_T_le_v4SPD16_eabi.lib : cpy_tbl.obj (.text)
                  00001128    00000048     driverlib-cm4f.lib : gpio.obj (.text:GPIOPinConfigure)
                  00001170    00000048     rtsv7M4_T_le_v4SPD16_eabi.lib : boot.obj (.text)
                  000011b8    00000044                                   : exit.obj (.text)
                  000011fc    00000042                                   : u_divt2.obj (.text)
                  0000123e    0000002e     driverlib-cm4f.lib : gpio.obj (.text:GPIODirModeSet)
                  0000126c    00000018     rtsv7M4_T_le_v4SPD16_eabi.lib : _lock.obj (.text)
                  00001284    00000018                                   : args_main.obj (.text)
                  0000129c    00000012     driverlib-cm4f.lib : gpio.obj (.text:GPIOPinTypeGPIOOutput)
                  000012ae    00000012                        : gpio.obj (.text:GPIOPinTypeI2C)
                  000012c0    00000012                        : gpio.obj (.text:GPIOPinTypeUART)
                  000012d2    00000012                        : i2c.obj (.text:I2CSlaveEnable)
                  000012e4    00000012     rtsv7M4_T_le_v4SPD16_eabi.lib : copy_zero_init.obj (.text:decompress:ZI)
                  000012f6    0000000e                                   : copy_decompress_none.obj (.text:decompress:none)
                  00001304    0000000c     driverlib-cm4f.lib : cpu.obj (.text:CPUcpsie)
                  00001310    0000000c                        : i2c.obj (.text:I2CSlaveInit)
                  0000131c    0000000c     startup_ccs.obj (.text)
                  00001328    0000000a     driverlib-cm4f.lib : gpio.obj (.text:GPIOPinWrite)
                  00001332    0000000a                        : i2c.obj (.text:I2CMasterEnable)
                  0000133c    0000000a                        : interrupt.obj (.text:IntMasterEnable)
                  00001346    00000008                        : i2c.obj (.text:I2CMasterSlaveAddrSet)
                  0000134e    00000008                        : i2c.obj (.text:I2CSlaveIntEnableEx)
                  00001356    00000006                        : i2c.obj (.text:I2CSlaveIntClear)
                  0000135c    00000006                        : sysctl.obj (.text:SysCtlDelay)
                  00001362    00000006     rtsv7M4_T_le_v4SPD16_eabi.lib : copy_decompress_rle.obj (.text:decompress:rle24)
                  00001368    00000004     driverlib-cm4f.lib : i2c.obj (.text:I2CMasterControl)
                  0000136c    00000004                        : i2c.obj (.text:I2CMasterDataPut)
                  00001370    00000004                        : i2c.obj (.text:I2CSlaveDataGet)

.const     0    00001374    000001c2     
                  00001374    00000078     driverlib-cm4f.lib : gpio.obj (.const:g_pulGPIOBaseAddrs)
                  000013ec    00000070                        : interrupt.obj (.const)
                  0000145c    0000006c                        : sysctl.obj (.const:g_pulXtals)
                  000014c8    00000040                        : sysctl.obj (.const)
                  00001508    0000001c     uartstdio.obj (.const)
                  00001524    00000012     uartstdio.obj (.const:.string)

.cinit     0    00001538    00000038     
                  00001538    00000013     (.cinit..data.load) [load image, compression = rle]
                  0000154b    00000001     --HOLE-- [fill = 0]
                  0000154c    0000000c     (__TI_handler_table)
                  00001558    00000008     (.cinit..bss.load) [load image, compression = zero_init]
                  00001560    00000010     (__TI_cinit_table)

.stack     0    20000000    00000100     UNINITIALIZED
                  20000000    00000100     --HOLE--

.data      0    20000100    00000024     
                  20000100    00000008     rtsv7M4_T_le_v4SPD16_eabi.lib : _lock.obj (.data)
                  20000108    00000008                                   : exit.obj (.data)
                  20000110    00000005     uartstdio.obj (.data)
                  20000115    00000003     --HOLE--
                  20000118    00000004     MagAccComms.obj (.data)
                  2000011c    00000004     main.obj (.data)
                  20000120    00000004     rtsv7M4_T_le_v4SPD16_eabi.lib : stkdepth_vars.obj (.data)

.bss       0    20000124    00000004     UNINITIALIZED
                  20000124    00000004     MagAccComms.obj (.bss)


LINKER GENERATED COPY TABLES

__TI_cinit_table @ 00001560 records: 2, size/record: 8, table size: 16
	.data: load addr=00001538, load size=00000013 bytes, run addr=20000100, run size=00000024 bytes, compression=rle
	.bss: load addr=00001558, load size=00000008 bytes, run addr=20000124, run size=00000004 bytes, compression=zero_init


LINKER GENERATED HANDLER TABLE

__TI_handler_table @ 0000154c records: 3, size/record: 4, table size: 12
	index: 0, handler: __TI_decompress_rle24
	index: 1, handler: __TI_decompress_none
	index: 2, handler: __TI_zero_init


GLOBAL SYMBOLS: SORTED ALPHABETICALLY BY Name 

address    name
--------   ----
000011b9   C$$EXIT
00001305   CPUcpsie
0000123f   GPIODirModeSet
00000d7d   GPIOPadConfigSet
00001129   GPIOPinConfigure
0000129d   GPIOPinTypeGPIOOutput
000012af   GPIOPinTypeI2C
000012c1   GPIOPinTypeUART
00001329   GPIOPinWrite
000007b5   I2C0SlaveIntHandler
00001369   I2CMasterControl
0000136d   I2CMasterDataPut
00001333   I2CMasterEnable
00001091   I2CMasterInitExpClk
00001347   I2CMasterSlaveAddrSet
00001371   I2CSlaveDataGet
000012d3   I2CSlaveEnable
00001311   I2CSlaveInit
00001357   I2CSlaveIntClear
0000134f   I2CSlaveIntEnableEx
00000f75   IntEnable
0000133d   IntMasterEnable
2000011c   PinData
0000131d   ResetISR
UNDEFED    SHT$$INIT_ARRAY$$Base
UNDEFED    SHT$$INIT_ARRAY$$Limit
0000099d   SysCtlClockGet
00000b75   SysCtlClockSet
0000135d   SysCtlDelay
00001039   SysCtlPeripheralEnable
0000026d   UARTStdioConfig
000002df   UARTStdioInit
000002f9   UARTStdioInitExpClk
0000046b   UARTgetc
0000037f   UARTgets
0000049d   UARTprintf
00000313   UARTwrite
20000100   __STACK_END
00000100   __STACK_SIZE
20000100   __STACK_TOP
00001560   __TI_CINIT_Base
00001570   __TI_CINIT_Limit
0000154c   __TI_Handler_Table_Base
00001558   __TI_Handler_Table_Limit
00000001   __TI_args_main
00000ee1   __TI_auto_init
000012f7   __TI_decompress_none
00001363   __TI_decompress_rle24
00000000   __TI_static_base__
000012e5   __TI_zero_init
00000e45   __aeabi_memcpy
00000e45   __aeabi_memcpy4
00000e45   __aeabi_memcpy8
000011fd   __aeabi_uidivmod
ffffffff   __binit__
ffffffff   __c_args__
00000cb1   __error__
20000000   __stack
00001285   _args_main
00001171   _c_int00
20000108   _cleanup_ptr
2000010c   _dtors_ptr
20000100   _lock
00001279   _nop
00001273   _register_lock
0000126d   _register_unlock
20000104   _unlock
000011bd   abort
ffffffff   binit
000010dd   copy_in
000011c5   exit
00000000   g_pfnVectors
00000d27   initDebugUart
000007cf   initI2Ccomms
00000cbd   main
20000120   main_func_sp
00000e45   memcpy


GLOBAL SYMBOLS: SORTED BY Symbol Address 

address    name
--------   ----
00000000   __TI_static_base__
00000000   g_pfnVectors
00000001   __TI_args_main
00000100   __STACK_SIZE
0000026d   UARTStdioConfig
000002df   UARTStdioInit
000002f9   UARTStdioInitExpClk
00000313   UARTwrite
0000037f   UARTgets
0000046b   UARTgetc
0000049d   UARTprintf
000007b5   I2C0SlaveIntHandler
000007cf   initI2Ccomms
0000099d   SysCtlClockGet
00000b75   SysCtlClockSet
00000cb1   __error__
00000cbd   main
00000d27   initDebugUart
00000d7d   GPIOPadConfigSet
00000e45   __aeabi_memcpy
00000e45   __aeabi_memcpy4
00000e45   __aeabi_memcpy8
00000e45   memcpy
00000ee1   __TI_auto_init
00000f75   IntEnable
00001039   SysCtlPeripheralEnable
00001091   I2CMasterInitExpClk
000010dd   copy_in
00001129   GPIOPinConfigure
00001171   _c_int00
000011b9   C$$EXIT
000011bd   abort
000011c5   exit
000011fd   __aeabi_uidivmod
0000123f   GPIODirModeSet
0000126d   _register_unlock
00001273   _register_lock
00001279   _nop
00001285   _args_main
0000129d   GPIOPinTypeGPIOOutput
000012af   GPIOPinTypeI2C
000012c1   GPIOPinTypeUART
000012d3   I2CSlaveEnable
000012e5   __TI_zero_init
000012f7   __TI_decompress_none
00001305   CPUcpsie
00001311   I2CSlaveInit
0000131d   ResetISR
00001329   GPIOPinWrite
00001333   I2CMasterEnable
0000133d   IntMasterEnable
00001347   I2CMasterSlaveAddrSet
0000134f   I2CSlaveIntEnableEx
00001357   I2CSlaveIntClear
0000135d   SysCtlDelay
00001363   __TI_decompress_rle24
00001369   I2CMasterControl
0000136d   I2CMasterDataPut
00001371   I2CSlaveDataGet
0000154c   __TI_Handler_Table_Base
00001558   __TI_Handler_Table_Limit
00001560   __TI_CINIT_Base
00001570   __TI_CINIT_Limit
20000000   __stack
20000100   __STACK_END
20000100   __STACK_TOP
20000100   _lock
20000104   _unlock
20000108   _cleanup_ptr
2000010c   _dtors_ptr
2000011c   PinData
20000120   main_func_sp
ffffffff   __binit__
ffffffff   __c_args__
ffffffff   binit
UNDEFED    SHT$$INIT_ARRAY$$Base
UNDEFED    SHT$$INIT_ARRAY$$Limit

[77 symbols]
